2026-09-21：索引 101 篇，待摘要 70 篇，共 3 批。

### 2026-09-21 第 1/3 批

```text
请在当前已选文件夹“2026年国际顶级投行研报/9月/9.21”中，返回以下 25 篇研报的简短摘要，用于主题检索和下载初筛。

摩根大通-化工行业跟踪：亚洲柴油裂解价差因消费者吸收超大型油轮通胀而飙升；精对苯二甲酸产能爬坡支撑对二甲苯价差保持韧性；下半年化工品需求疲软-260921.pdf
摩根大通-股票策略：健康的企利润率和无杠杆资产负债表将提供支撑-260921.pdf
摩根大通-新加坡房地产：SUN拟剥离三项澳大利亚资产-260921.pdf
摩根大通-中国金属活动追踪：中国铜去库存表现弱于历史趋势，而铝去库存步伐依然强劲-260921.pdf
摩根大通-亚洲前沿：维持利率，关注石油-260921.pdf
摩根大通-苹果（AAPL.US）产品供应追踪：交付前置时间加速扩张；除中国市场外，Pro系列当前表现与去年同期持平-260920.pdf
摩根大通-外汇持仓监测：7月下旬以来首次出现买入美元的迹象-260920.pdf
摩根大通-马来西亚：8月CPI略高于预期，维持2027年一季度马来西亚国家银行（BNM）加息25个基点的预测-260920.pdf
摩根大通-航空航天与国防前瞻：波音与Northrop陷入激战-260920.pdf
摩根大通-中国内地与香港房地产：本周三大热点问题：周五走强、中国开发商在涨价吗、加息-260920.pdf
摩根大通-Forgent Power Solutions Inc（FPS.US）：四季度总结跟进-260920.pdf
伯恩斯坦-长鑫科技（688825.SH）：中国下一代赢家系列：重绘存储版图；首次覆盖，给予“跑赢大盘”评级-260921.pdf
伯恩斯坦-全球数字资产：股权代币化入门指南：创新豁免、运营模式、行业格局与潜在赢家-260921.pdf
伯恩斯坦-中国半导体行业：华为首款LogicFolding芯片麒麟9050 Pro性能达3nm级别-260921.pdf
伯恩斯坦-亚洲工业科技｜中国下一代赢家：从国产替代走向全球化-260921.pdf
伯恩斯坦-美国能源与转型：俄罗斯炼厂追踪-260921.pdf
伯恩斯坦-全球储能：电池周报-260921.pdf
伯恩斯坦-全球储能｜中国电池产业链调研核心要点：行业景气度尚可-260921.pdf
伯恩斯坦-亚洲科技硬件｜中国下一代赢家：迈向近封装光学（NPO）与AI超级节点-260921.pdf
高盛-中芯国际（0981.HK）：AI将驱动2026年下半年增长；2026年二季度营收环比增速居全球十大晶圆代工厂之首；给予“买入”评级-260921.pdf
高盛-美国关税影响追踪器：洛杉矶港下周进口量预计急增，两周后环比下降-260921.pdf
高盛-重点项目：聚焦委内瑞拉-260921.pdf
高盛-Tempus AI Inc.（TEM.US）：诊断业务增长催化与数据业务不确定性并存；首次覆盖，评级为“中性”-260921.pdf
高盛-联邦快递（FDXF.US）：切换至日历年口径；基于长期盈利能力和独立运营带来的阿尔法机会，重申“买入”评级-260921.pdf
高盛-中国经济专有指标：9月更新-260921.pdf

资料使用：
- 优先使用每份文件已有的AI摘要，信息足够就直接整理，无需逐篇重读全文。已有摘要缺失或不足以说明主题时，才补读该文件正文；两者均无法获得时输出 NO_CONTENT。不得根据标题或常识补写。
- 文件夹路径用于限定范围，不要反复检查目录层级。列表只返回部分文件，不代表其余文件不存在；文件名中的报告日期也不必等于文件夹日期。未显示的文件仅在当前文件夹内定向查找，不扩展到其他文件夹。
- 不联网，不引用其他报告或历史对话。预算不足时保留已获取结果，无法获取的文件输出 NO_CONTENT，不反复搜索或重启整份回答。

摘要要求：
- 每篇2～3句，约80～150字；原有信息较少可更短，不凑字数。先写研究对象与核心观点，再写主要变化、驱动及影响，保留具体公司、产品和技术名称，便于检索。
- 最多保留1～2个最重要的数字，连同单位、期间及实际/预测/指引属性；原有信息没提供就省略，不自行推算、换算或补充评级。
- 首句用“据该文件已有AI摘要，”“据该文件正文，”或“据该文件已有AI摘要及正文，”标明实际来源，不能把已有摘要说成已核对全文。

严格按清单顺序输出，每份文件恰好一次。只输出下面的重复文本块，不要表格、编号、内部pdf编号、检索过程、目录分析、开场白、结束语、省略号或第二版答案。输出前核对条目数与清单一致，缺失项保留文件名和 NO_CONTENT，不要省略。

文件名
<原样复制清单中的完整文件名，包含.pdf，不缩写、不改标点>
核心摘要
<带来源说明的简短摘要；无法获取内容时只写 NO_CONTENT>
```

### 2026-09-21 第 2/3 批

```text
请在当前已选文件夹“2026年国际顶级投行研报/9月/9.21”中，返回以下 25 篇研报的简短摘要，用于主题检索和下载初筛。

高盛-中国三件事-260920.pdf
高盛-微软（MSFT.US）NDR会议纪要：企业向AI平台迁移正验证过去三年的关键战略决策-260920.pdf
高盛-科大讯飞（002230.SZ）：升级版AI模型将于10月发布；受AI硬件增长乏力拖累二季度营收不及预期；给予“中性”评级-260920.pdf
高盛-央行政策追踪（2026年9月）-260920.pdf
高盛-YETI Holdings（YETI.US）：投资者日要点-260920.pdf
野村-中国互联网及新媒体：再增四家在线旅游平台被立案调查-260921.pdf
野村-中国医疗健康：媒体报道美国正考虑批准与中国企业的授权合作-260920.pdf
野村-韩华系统（272210.KS）：MASGA估值正在消退-260920.pdf
野村-韩国工业：韩国国防工业考察要点-260920.pdf
汇丰-新世界发展（0017.HK）：拟分拆上海K11项目-260918.pdf
汇丰-星宇股份（601799.SH）：给予“买入”评级；2026年二季度低于预期；更好的风险回报-260918.pdf
汇丰-亚洲科技｜覆铜板：对结构性需求和内容增长的新担忧似乎被夸大了-260918.pdf
汇丰-全球油轮航运：目前处于高位，不会永远处于高位-260918.pdf
瑞银-东盟股票策略：应对更偏鹰派的美联储-260921.pdf
瑞银-麦当劳（MCD.US）：金色拱门的下一步是什么？-260921.pdf
瑞银-美国软百货零售｜瑞银实验室内部证据：奥特莱斯 vs.百货公司，百货公司持续失份额-260921.pdf
瑞银-美国餐饮：真的有这么糟糕吗？-260921.pdf
瑞银-美国交易所与信息服务：瑞银金融科技会议亮点-260921.pdf
瑞银-罗技（LOGN.S）渠道调研：预计下季度业绩将超越当前市场一致预期-260921.pdf
瑞银-现代汽车（005380.KS）：因汇率及销量疲软下调每股收益；目标价下调至40万韩元-260921.pdf
瑞银-澳门博彩：黄金周前博彩毛收入（GGR）依然疲软-260921.pdf
瑞银-欧洲零售：估值、催化剂与最新研究-260921.pdf
瑞银-Telix Pharmaceuticals（TLX.AX）：泰利克斯将以16.5亿美元收购ITM-260921.pdf
瑞银-欧洲汽车：德国汽车旗舰之旅反馈-260921.pdf
瑞银-法拉利（RACE.US）：马拉内罗明信片，工匠精神驱动独特性-260921.pdf

资料使用：
- 优先使用每份文件已有的AI摘要，信息足够就直接整理，无需逐篇重读全文。已有摘要缺失或不足以说明主题时，才补读该文件正文；两者均无法获得时输出 NO_CONTENT。不得根据标题或常识补写。
- 文件夹路径用于限定范围，不要反复检查目录层级。列表只返回部分文件，不代表其余文件不存在；文件名中的报告日期也不必等于文件夹日期。未显示的文件仅在当前文件夹内定向查找，不扩展到其他文件夹。
- 不联网，不引用其他报告或历史对话。预算不足时保留已获取结果，无法获取的文件输出 NO_CONTENT，不反复搜索或重启整份回答。

摘要要求：
- 每篇2～3句，约80～150字；原有信息较少可更短，不凑字数。先写研究对象与核心观点，再写主要变化、驱动及影响，保留具体公司、产品和技术名称，便于检索。
- 最多保留1～2个最重要的数字，连同单位、期间及实际/预测/指引属性；原有信息没提供就省略，不自行推算、换算或补充评级。
- 首句用“据该文件已有AI摘要，”“据该文件正文，”或“据该文件已有AI摘要及正文，”标明实际来源，不能把已有摘要说成已核对全文。

严格按清单顺序输出，每份文件恰好一次。只输出下面的重复文本块，不要表格、编号、内部pdf编号、检索过程、目录分析、开场白、结束语、省略号或第二版答案。输出前核对条目数与清单一致，缺失项保留文件名和 NO_CONTENT，不要省略。

文件名
<原样复制清单中的完整文件名，包含.pdf，不缩写、不改标点>
核心摘要
<带来源说明的简短摘要；无法获取内容时只写 NO_CONTENT>
```

### 2026-09-21 第 3/3 批

```text
请在当前已选文件夹“2026年国际顶级投行研报/9月/9.21”中，返回以下 20 篇研报的简短摘要，用于主题检索和下载初筛。

瑞银-欧洲经济评论｜瑞士央行：9月会议前瞻、客户反馈-260921.pdf
瑞银-新兴市场与亚太股票策略：2026年二季度总结：新兴市场盈利保持韧性，但分化依然严重-260921.pdf
瑞银-宇通客车（600066.SH）：欧委会发布了一项拟议的《公共采购法案》，强调“欧洲优先”-260921.pdf
瑞银-Teradata Corporation（TDC.US）静默期前小结：三季度表现喜忧参半，四季度会是拐点吗？-260921.pdf
瑞银-关于支付、处理机构与金融科技的思考-260921.pdf
瑞银-医疗设施与托管式医疗：每周图表集：医院住院量、临时人员配置招聘、JOLTS、流感、出生、死亡、GLP·1搜索、签证公告栏、HIX费率更新-260921.pdf
瑞银-中国基础材料：炼焦煤：沉浮轮转-260921.pdf
瑞银-中国电力设备：因贸易担忧和供应宽松下调行业评级-260921.pdf
瑞银-HOLT全球概览：强劲的企业韧性，但市场风险上升-260921.pdf
瑞银-中国与香港房地产：香港开发商发行的首批中国REITs-260921.pdf
瑞银-Fiserv Inc（FISV.US）：管理层会议纪要-260921.pdf
瑞银-YETI Holdings Inc（YETI.US）：预期重估，静待落地；YETI 投资者日核心要点-260921.pdf
瑞银-ATOSS软件（AOFG.DE）：掷硬币，首次覆盖给予中性评级-260921.pdf
瑞银-Cracker Barrel Old Country Store Inc（CBRL.US）：扭亏为盈势头显现，聚焦进一步复苏-260921.pdf
瑞银-生命科学工具与诊断：行业工具周报（2026年9月14日当周）-260920.pdf
瑞银-阿里健康（0241.HK）2027财年上半年前瞻：行业挑战下营收增速放缓-260920.pdf
瑞银-Extreme Networks Inc（EXTR.US）路演纪要：强劲的产品需求与平台转型相平衡-260920.pdf
瑞银-铜：2026年第四季度催化剂与风险-260921.pdf
瑞银-英飞凌科技（IFXGn.DE）：汽车事业部负责人会议纪要反馈-260921.pdf
瑞银-美国券商与资产管理行业：UBS年度投资银行峰会巡礼：稳扎稳打推进，而非孤注一掷豪赌-260920.pdf

资料使用：
- 优先使用每份文件已有的AI摘要，信息足够就直接整理，无需逐篇重读全文。已有摘要缺失或不足以说明主题时，才补读该文件正文；两者均无法获得时输出 NO_CONTENT。不得根据标题或常识补写。
- 文件夹路径用于限定范围，不要反复检查目录层级。列表只返回部分文件，不代表其余文件不存在；文件名中的报告日期也不必等于文件夹日期。未显示的文件仅在当前文件夹内定向查找，不扩展到其他文件夹。
- 不联网，不引用其他报告或历史对话。预算不足时保留已获取结果，无法获取的文件输出 NO_CONTENT，不反复搜索或重启整份回答。

摘要要求：
- 每篇2～3句，约80～150字；原有信息较少可更短，不凑字数。先写研究对象与核心观点，再写主要变化、驱动及影响，保留具体公司、产品和技术名称，便于检索。
- 最多保留1～2个最重要的数字，连同单位、期间及实际/预测/指引属性；原有信息没提供就省略，不自行推算、换算或补充评级。
- 首句用“据该文件已有AI摘要，”“据该文件正文，”或“据该文件已有AI摘要及正文，”标明实际来源，不能把已有摘要说成已核对全文。

严格按清单顺序输出，每份文件恰好一次。只输出下面的重复文本块，不要表格、编号、内部pdf编号、检索过程、目录分析、开场白、结束语、省略号或第二版答案。输出前核对条目数与清单一致，缺失项保留文件名和 NO_CONTENT，不要省略。

文件名
<原样复制清单中的完整文件名，包含.pdf，不缩写、不改标点>
核心摘要
<带来源说明的简短摘要；无法获取内容时只写 NO_CONTENT>
```
