2026-09-22：索引 64 篇，待摘要 64 篇，共 3 批。

### 2026-09-22 第 1/3 批

```text
请在当前已选文件夹“2026年国际顶级投行研报/9月/9.22”中，返回以下 25 篇研报的简短摘要，用于主题检索和下载初筛。

高盛-全球宏观经济分析师：全球哪些地区仍有通胀问题？-260922.pdf
瑞银-全球策略：人工智能债务融资监测：供给拓宽，分化加剧-260921.pdf
瑞银-美国企业硬件及网络设备：瑞银证据实验室洞察：消费者PC调研表明内存成本正在压制需求-260921.pdf
瑞银-美国半导体：2026年AI基础设施峰会纪要-260921.pdf
瑞银-阿里巴巴（BABA.US）：2026云栖大会核心要点-260922.pdf
瑞银-SPX Technologies（SPXC.US）管理层会议纪要；长期机遇与短期挑战并存-260921.pdf
瑞银-Moderna（MRNA.US）：ESMO确认INT黑色素瘤与PDAC数据，2027年将迎辅助RCC与MIBC数据-260921.pdf
大摩-IT硬件：企业硬件支出现状-260921.pdf
巴克莱-可持续投资：适应在行动；全球解决方案提供商图谱-260921.pdf
巴克莱-美国经纪商、资产管理公司与交易所：豁免接二连三，关于SEC创新豁免令的解析-260921.pdf
摩根大通-诺和诺德（NOVOb.CO）：2026年资本市场日要点-260922.pdf
摩根大通-全球宏观展望与策略：全球利率、大宗商品、外汇及新兴市场-260921.pdf
摩根大通-NexGen Energy（NXE.US）：具备战略重要性的领先铀矿资产；首次覆盖，给予“增持”评级-260921.pdf
伯恩斯坦-欧洲汽车与零部件：欧盟车市，速度几何，烈度几许？中国整车厂与欧洲市场的争夺战-260922.pdf
伯恩斯坦-美国电气设备：2026年二季度公用事业资本开支现状：资本开支意图更新及电价可负担性表述强化-260922.pdf
伯恩斯坦-资产管理中的生成式AI：与Aiera首席技术官及首席运营官对话核心要点-260921.pdf
伯恩斯坦-美国电力与能源转型：超越最低度电成本，关于平准化成本指标的说明-260921.pdf
伯恩斯坦-中国电动汽车及亚洲新兴机器人路演要点：走出低谷-260922.pdf
伯恩斯坦-中国半导体：澜起科技（688008.SH）：CXL深度解析，DDR4复用带来的新增长引擎-260922.pdf
伯恩斯坦-全球半导体资本设备：中国晶圆制造设备进口追踪（2026年8月）：年初至今同比下降4%，下半年进口增长势头强于上半年-260922.pdf
摩根大通-全球美妆：面部护肤格局重塑：K-Beauty崛起与技术颠覆-260921.pdf
高盛-阿里健康（0241.HK）：受非药品类疲软拖累下调收入增速预期；为加速B2C与O2O融合重投供应链；给予“中性”评级-260922.pdf
高盛-广达电脑（2382.TW）：新一代人工智能服务器机柜上量将支撑2026年下半年增长；个人电脑业务放缓；给予“中性”评级-260922.pdf
高盛-中国房地产周报（第38周）：成交量环比增长符合季节性规律，但领先指标持续走弱-260922.pdf
高盛-韩国：9月上旬出口受芯片拉动加速增长，贸易顺差创下230亿美元历史新高-260921.pdf

资料使用：
- 优先使用每份文件已有的AI摘要，信息足够就直接整理，无需逐篇重读全文。已有摘要缺失或不足以说明主题时，才补读该文件正文；两者均无法获得时输出 NO_CONTENT。不得根据标题或常识补写。
- 文件夹路径用于限定范围，不要反复检查目录层级。列表只返回部分文件，不代表其余文件不存在；文件名中的报告日期也不必等于文件夹日期。未显示的文件仅在当前文件夹内定向查找，不扩展到其他文件夹。
- 不联网，不引用其他报告或历史对话。预算不足时保留已获取结果，无法获取的文件输出 NO_CONTENT，不反复搜索或重启整份回答。

摘要要求：
- 每篇2～3句，约80～150字；原有信息较少可更短，不凑字数。先写研究对象与核心观点，再写主要变化、驱动及影响，保留具体公司、产品和技术名称，便于检索。
- 最多保留1～2个最重要的数字，连同单位、期间及实际/预测/指引属性；原有信息没提供就省略，不自行推算、换算或补充评级。
- 首句用“据该文件已有AI摘要，”“据该文件正文，”或“据该文件已有AI摘要及正文，”标明实际来源，不能把已有摘要说成已核对全文。

严格按清单顺序输出，每份文件恰好一次。只输出下面的重复文本块，不要表格、编号、内部pdf编号、检索过程、目录分析、开场白、结束语、省略号或第二版答案。输出前核对条目数与清单一致，缺失项保留文件名和 NO_CONTENT，不要省略。

文件名
<原样复制清单中的完整文件名，包含.pdf，不缩写、不改标点>
核心摘要
<带来源说明的简短摘要；无法获取内容时只写 NO_CONTENT>
```

### 2026-09-22 第 2/3 批

```text
请在当前已选文件夹“2026年国际顶级投行研报/9月/9.22”中，返回以下 25 篇研报的简短摘要，用于主题检索和下载初筛。

高盛-中国香港市场追踪：住宅成交量走弱但价格保持韧性，写字楼市场复苏扩大至非核心区，零售租金表现落后-260921.pdf
瑞银-亚太科技策略｜2026年9月行业核心要点（第二版）：人工智能需求未见放缓迹象-260922.pdf
瑞银-三星电子（005930.KS）：AI需求持续走强-260922.pdf
瑞银-小米集团（1810.HK）：短期挑战，长期战略优势-260922.pdf
瑞银-SK海力士（000660.KS）：基本面复苏势头有望延续-260922.pdf
瑞银-全球输入输出半导体：ASIC与CPU走向舞台中央，驱动下一波CoWoS产能扩张-260922.pdf
瑞银-冶金煤：中国供应拐点再现-260921.pdf
瑞银-绿的谐波（688017.SH）：具身智能机器人增长的核心受益标的，但估值已脱离基本面-260921.pdf
瑞银-亚洲策略指南：美联储、能源冲击与分化-260921.pdf
瑞银-中国工业：航运供应链跟踪（第38周）：贸易流、运费及霍尔木兹海峡动态更新-260921.pdf
瑞银-中国锂行业：虽已脱离峰值，但已超跌-260921.pdf
瑞银-中国股票策略：中东冲突的市场影响-260921.pdf
摩根大通-钢铁日报：亚洲钢材价差+1%；SGM投资者日；美国钢材采购商情绪回暖；中国钢厂盈利走弱-260921.pdf
摩根大通-沙特传媒：应对广告市场疲软与行业格局变迁，首选 MBC (N)，看淡阿拉比亚电视台（减持）；将阿拉比亚电视台列入负面观察名单-260921.pdf
摩根大通-松发股份（603268.SH）：正面消息流强化“超配”评级：马士基集装箱船订单、LNG运输船计划及新增盈利来源-260921.pdf
摩根大通-北美金属与矿业｜周日晨报：钢铁专家电话会要点；钢铁企业季度中期指引；黄金指标看板；SGML首次覆盖；锂行业专家电话会（9月24日）-260920.pdf
高盛-全球周前瞻（9月21日~27日）-260920.pdf
瑞银-中国重卡行业：以旧换新补贴9月落地-260921.pdf
瑞银-中国基础材料｜专家电话会第3天要点：电池、铜箔、钨及厄尔尼诺现象-260921.pdf
瑞银-大宗商品日报：油价回暖金价走高-260921.pdf
瑞银-量化动态：因子表现与估值-260921.pdf
瑞银-和誉医药（2256.HK）：ABSK061二期ACH数据表现积极-260921.pdf
瑞银-全球经济与策略：核心观点（多资产一览）-260921.pdf
瑞银-医疗服务｜每周复盘：精神病院与透析板块跑赢大盘；IDR 改革陷入停滞，联邦医保相关法案推进；联邦医保优势计划（MA）保险公司承压，需承担 GLP‑1 类药物成本-260921.pdf
瑞银-中国电池材料：本周图表，库存管理-260921.pdf

资料使用：
- 优先使用每份文件已有的AI摘要，信息足够就直接整理，无需逐篇重读全文。已有摘要缺失或不足以说明主题时，才补读该文件正文；两者均无法获得时输出 NO_CONTENT。不得根据标题或常识补写。
- 文件夹路径用于限定范围，不要反复检查目录层级。列表只返回部分文件，不代表其余文件不存在；文件名中的报告日期也不必等于文件夹日期。未显示的文件仅在当前文件夹内定向查找，不扩展到其他文件夹。
- 不联网，不引用其他报告或历史对话。预算不足时保留已获取结果，无法获取的文件输出 NO_CONTENT，不反复搜索或重启整份回答。

摘要要求：
- 每篇2～3句，约80～150字；原有信息较少可更短，不凑字数。先写研究对象与核心观点，再写主要变化、驱动及影响，保留具体公司、产品和技术名称，便于检索。
- 最多保留1～2个最重要的数字，连同单位、期间及实际/预测/指引属性；原有信息没提供就省略，不自行推算、换算或补充评级。
- 首句用“据该文件已有AI摘要，”“据该文件正文，”或“据该文件已有AI摘要及正文，”标明实际来源，不能把已有摘要说成已核对全文。

严格按清单顺序输出，每份文件恰好一次。只输出下面的重复文本块，不要表格、编号、内部pdf编号、检索过程、目录分析、开场白、结束语、省略号或第二版答案。输出前核对条目数与清单一致，缺失项保留文件名和 NO_CONTENT，不要省略。

文件名
<原样复制清单中的完整文件名，包含.pdf，不缩写、不改标点>
核心摘要
<带来源说明的简短摘要；无法获取内容时只写 NO_CONTENT>
```

### 2026-09-22 第 3/3 批

```text
请在当前已选文件夹“2026年国际顶级投行研报/9月/9.22”中，返回以下 14 篇研报的简短摘要，用于主题检索和下载初筛。

瑞银-Vista Energy（VIST.US）：8月产量增长放缓，但执行保持正轨-260920.pdf
瑞银-汽车行业：2027年V8车型供给增加、加息带来的影响、皮卡行业未来竞争格局及更多议题-260920.pdf
瑞银-北美化工与包装：纸板预测，9月纸价-260920.pdf
瑞银-拉美医疗：临床复杂性、效率与资本纪律，Rede D'Or与Bradsaude为首选标的-260920.pdf
伯恩斯坦-大众汽车集团（VOW3.GR）：阵痛延续-260921.pdf
伯恩斯坦-美国能源与转型：勘探与生产（E&P）业务现状（2026年二季度）：高油价兑现-260921.pdf
伯恩斯坦-爱马仕（RMS.FP）：难逃地心引力-260921.pdf
伯恩斯坦-美国综合工业与机械：中西部萎靡？美国工业腹地路演见闻与思考-260921.pdf
伯恩斯坦-欧洲公用事业：高电价环境能为公用事业公司带来多少收益？-260921.pdf
伯恩斯坦-全球酒店与休闲：长远视角：内河游轮是否面临气候变化的长期风险？-260921.pdf
伯恩斯坦-全球金属与矿业：货币政策与财政政策，谁将主宰黄金的未来？-260921.pdf
伯恩斯坦-美国半导体与半导体资本设备：路演纪要：硅谷管理层会议核心要点-260921.pdf
伯恩斯坦-中国汽车行业：弱者恒弱，8月国内零售销量同比降22.7%，电动车渗透率达63.1%；出口同比增67.1%-260921.pdf
野村-亚洲洞察：8月东北亚与南亚、东南亚外汇干预走势分化-260921.pdf

资料使用：
- 优先使用每份文件已有的AI摘要，信息足够就直接整理，无需逐篇重读全文。已有摘要缺失或不足以说明主题时，才补读该文件正文；两者均无法获得时输出 NO_CONTENT。不得根据标题或常识补写。
- 文件夹路径用于限定范围，不要反复检查目录层级。列表只返回部分文件，不代表其余文件不存在；文件名中的报告日期也不必等于文件夹日期。未显示的文件仅在当前文件夹内定向查找，不扩展到其他文件夹。
- 不联网，不引用其他报告或历史对话。预算不足时保留已获取结果，无法获取的文件输出 NO_CONTENT，不反复搜索或重启整份回答。

摘要要求：
- 每篇2～3句，约80～150字；原有信息较少可更短，不凑字数。先写研究对象与核心观点，再写主要变化、驱动及影响，保留具体公司、产品和技术名称，便于检索。
- 最多保留1～2个最重要的数字，连同单位、期间及实际/预测/指引属性；原有信息没提供就省略，不自行推算、换算或补充评级。
- 首句用“据该文件已有AI摘要，”“据该文件正文，”或“据该文件已有AI摘要及正文，”标明实际来源，不能把已有摘要说成已核对全文。

严格按清单顺序输出，每份文件恰好一次。只输出下面的重复文本块，不要表格、编号、内部pdf编号、检索过程、目录分析、开场白、结束语、省略号或第二版答案。输出前核对条目数与清单一致，缺失项保留文件名和 NO_CONTENT，不要省略。

文件名
<原样复制清单中的完整文件名，包含.pdf，不缩写、不改标点>
核心摘要
<带来源说明的简短摘要；无法获取内容时只写 NO_CONTENT>
```
